src/app/products/ProductsContent.tsx(326,52): error TS2322: Type '{ hidden: { opacity: number; y: number; scale: number; }; visible: { opacity: number; y: number; scale: number; transition: { duration: number; ease: number[]; }; }; exit: { opacity: number; scale: number; transition: { ...; }; }; }' is not assignable to type 'Variants'.
  Property 'visible' is incompatible with index signature.
    Type '{ opacity: number; y: number; scale: number; transition: { duration: number; ease: number[]; }; }' is not assignable to type 'Variant'.
      Type '{ opacity: number; y: number; scale: number; transition: { duration: number; ease: number[]; }; }' is not assignable to type 'TargetAndTransition'.
        Type '{ opacity: number; y: number; scale: number; transition: { duration: number; ease: number[]; }; }' is not assignable to type '{ transition?: Transition<any> | undefined; transitionEnd?: ResolvedValues$1 | undefined; }'.
          Types of property 'transition' are incompatible.
            Type '{ duration: number; ease: number[]; }' is not assignable to type 'Transition<any> | undefined'.
              Type '{ duration: number; ease: number[]; }' is not assignable to type 'TransitionWithValueOverrides<any>'.
                Type '{ duration: number; ease: number[]; }' is not assignable to type 'ValueAnimationTransition<any>'.
                  Types of property 'ease' are incompatible.
                    Type 'number[]' is not assignable to type 'Easing | Easing[] | undefined'.
                      Type 'number[]' is not assignable to type 'EasingFunction | Easing[]'.
                        Type 'number[]' is not assignable to type 'Easing[]'.
                          Type 'number' is not assignable to type 'Easing'.
src/components/admin/RichTextEditor.tsx(20,55): error TS2345: Argument of type '"editorImage"' is not assignable to parameter of type 'EndpointArg<{ productImages: FileRoute<{ input: undefined; output: { url: string; }; errorShape: Json; }>; orderAttachment: FileRoute<{ input: undefined; output: { url: string; }; errorShape: Json; }>; }, "productImages" | "orderAttachment">'.
src/lib/useGSAP.ts(20,13): error TS2345: Argument of type '() => () => gsap.core.Timeline' is not assignable to parameter of type 'EffectCallback'.
  Type '() => gsap.core.Timeline' is not assignable to type 'void | Destructor'.
    Type '() => gsap.core.Timeline' is not assignable to type 'Destructor'.
      Type 'Timeline' is not assignable to type 'void | { [UNDEFINED_VOID_ONLY]: never; }'.
src/models/Product.ts(54,3): error TS2349: This expression is not callable.
  Type 'Record<string, any>' has no call signatures.
src/models/Product.ts(54,3): error TS2722: Cannot invoke an object which is possibly 'undefined'.
